// Jest Snapshot v1, https://goo.gl/fbAQLP

exports[`Row displays the groups of selected cells 1`] = `ShallowWrapper {}`;
